Total distinct images in DB: 538
Total image files in public: 699

Images on file system but MISSING IN DB:
- css\front\fonts\fa-brands-400.svg
- css\front\fonts\fa-regular-400.svg
- css\front\fonts\fa-solid-900.svg
- favicon.png
- font-awesome-4.7.0\fonts\fontawesome-webfont.svg
- font\webhostinghub-glyphs.svg
- js\ckeditor\plugins\about\dialogs\hidpi\logo_ckeditor.png
- js\ckeditor\plugins\about\dialogs\logo_ckeditor.png
- js\ckeditor\plugins\copyformatting\cursors\cursor-disabled.svg
- js\ckeditor\plugins\copyformatting\cursors\cursor.svg
- js\ckeditor\plugins\flash\images\placeholder.png
- js\ckeditor\plugins\forms\images\hiddenfield.gif
- js\ckeditor\plugins\icons.png
- js\ckeditor\plugins\icons_hidpi.png
- js\ckeditor\plugins\iframe\images\placeholder.png
- js\ckeditor\plugins\image\images\noimage.png
- js\ckeditor\plugins\link\images\anchor.png
- js\ckeditor\plugins\link\images\hidpi\anchor.png
- js\ckeditor\plugins\magicline\images\hidpi\icon-rtl.png
- js\ckeditor\plugins\magicline\images\hidpi\icon.png
- js\ckeditor\plugins\magicline\images\icon-rtl.png
- js\ckeditor\plugins\magicline\images\icon.png
- js\ckeditor\plugins\pagebreak\images\pagebreak.gif
- js\ckeditor\plugins\showblocks\images\block_address.png
- js\ckeditor\plugins\showblocks\images\block_blockquote.png
- js\ckeditor\plugins\showblocks\images\block_div.png
- js\ckeditor\plugins\showblocks\images\block_h1.png
- js\ckeditor\plugins\showblocks\images\block_h2.png
- js\ckeditor\plugins\showblocks\images\block_h3.png
- js\ckeditor\plugins\showblocks\images\block_h4.png
- js\ckeditor\plugins\showblocks\images\block_h5.png
- js\ckeditor\plugins\showblocks\images\block_h6.png
- js\ckeditor\plugins\showblocks\images\block_p.png
- js\ckeditor\plugins\showblocks\images\block_pre.png
- js\ckeditor\plugins\smiley\images\angel_smile.gif
- js\ckeditor\plugins\smiley\images\angel_smile.png
- js\ckeditor\plugins\smiley\images\angry_smile.gif
- js\ckeditor\plugins\smiley\images\angry_smile.png
- js\ckeditor\plugins\smiley\images\broken_heart.gif
- js\ckeditor\plugins\smiley\images\broken_heart.png
- js\ckeditor\plugins\smiley\images\confused_smile.gif
- js\ckeditor\plugins\smiley\images\confused_smile.png
- js\ckeditor\plugins\smiley\images\cry_smile.gif
- js\ckeditor\plugins\smiley\images\cry_smile.png
- js\ckeditor\plugins\smiley\images\devil_smile.gif
- js\ckeditor\plugins\smiley\images\devil_smile.png
- js\ckeditor\plugins\smiley\images\embaressed_smile.gif
- js\ckeditor\plugins\smiley\images\embarrassed_smile.gif
- js\ckeditor\plugins\smiley\images\embarrassed_smile.png
- js\ckeditor\plugins\smiley\images\envelope.gif
- js\ckeditor\plugins\smiley\images\envelope.png
- js\ckeditor\plugins\smiley\images\heart.gif
- js\ckeditor\plugins\smiley\images\heart.png
- js\ckeditor\plugins\smiley\images\kiss.gif
- js\ckeditor\plugins\smiley\images\kiss.png
- js\ckeditor\plugins\smiley\images\lightbulb.gif
- js\ckeditor\plugins\smiley\images\lightbulb.png
- js\ckeditor\plugins\smiley\images\omg_smile.gif
- js\ckeditor\plugins\smiley\images\omg_smile.png
- js\ckeditor\plugins\smiley\images\regular_smile.gif
- js\ckeditor\plugins\smiley\images\regular_smile.png
- js\ckeditor\plugins\smiley\images\sad_smile.gif
- js\ckeditor\plugins\smiley\images\sad_smile.png
- js\ckeditor\plugins\smiley\images\shades_smile.gif
- js\ckeditor\plugins\smiley\images\shades_smile.png
- js\ckeditor\plugins\smiley\images\teeth_smile.gif
- js\ckeditor\plugins\smiley\images\teeth_smile.png
- js\ckeditor\plugins\smiley\images\thumbs_down.gif
- js\ckeditor\plugins\smiley\images\thumbs_down.png
- js\ckeditor\plugins\smiley\images\thumbs_up.gif
- js\ckeditor\plugins\smiley\images\thumbs_up.png
- js\ckeditor\plugins\smiley\images\tongue_smile.gif
- js\ckeditor\plugins\smiley\images\tongue_smile.png
- js\ckeditor\plugins\smiley\images\tounge_smile.gif
- js\ckeditor\plugins\smiley\images\whatchutalkingabout_smile.gif
- js\ckeditor\plugins\smiley\images\whatchutalkingabout_smile.png
- js\ckeditor\plugins\smiley\images\wink_smile.gif
- js\ckeditor\plugins\smiley\images\wink_smile.png
- js\ckeditor\plugins\templates\templates\images\template1.gif
- js\ckeditor\plugins\templates\templates\images\template2.gif
- js\ckeditor\plugins\templates\templates\images\template3.gif
- js\ckeditor\samples\img\github-top.png
- js\ckeditor\samples\img\header-bg.png
- js\ckeditor\samples\img\header-separator.png
- js\ckeditor\samples\img\logo.png
- js\ckeditor\samples\img\navigation-tip.png
- js\ckeditor\samples\old\assets\inlineall\logo.png
- js\ckeditor\samples\old\assets\sample.jpg
- js\ckeditor\samples\toolbarconfigurator\font\fontello.svg
- js\ckeditor\skins\moono-lisa\icons.png
- js\ckeditor\skins\moono-lisa\icons_hidpi.png
- js\ckeditor\skins\moono-lisa\images\arrow.png
- js\ckeditor\skins\moono-lisa\images\close.png
- js\ckeditor\skins\moono-lisa\images\hidpi\close.png
- js\ckeditor\skins\moono-lisa\images\hidpi\lock-open.png
- js\ckeditor\skins\moono-lisa\images\hidpi\lock.png
- js\ckeditor\skins\moono-lisa\images\hidpi\refresh.png
- js\ckeditor\skins\moono-lisa\images\lock-open.png
- js\ckeditor\skins\moono-lisa\images\lock.png
- js\ckeditor\skins\moono-lisa\images\refresh.png
- js\ckeditor\skins\moono-lisa\images\spinner.gif
- uploads\img\404.png
- uploads\img\about-left-image.jpg
- uploads\img\download.jpg
- uploads\img\footer-logo.png
- uploads\img\logo.png
- uploads\img\logo_old.png
- uploads\img\redbrigade-favicon.jpg
- uploads\img\team_homepage.jpeg
- uploads\img\who_we_are.jpeg
- uploads\img\women_in_red.jpeg

Images in DB but MISSING ON FILE SYSTEM:
